<html>
<body>
<pre>
<h1>µVision Build Log</h1>
<h2>Tool Versions:</h2>
IDE-Version: µVision V5.35.0.0
Copyright (C) 2021 ARM Ltd and ARM Germany GmbH. All rights reserved.
License Information: Tufts EECS, Tufts University, LIC=----
 
Tool Versions:
Toolchain:       MDK-Lite  Version: 5.35.0.2
Toolchain Path:  c:\Keil_v5\ARM\ARMCC\Bin
C Compiler:      Armcc.exe V5.06 update 7 (build 960)
Assembler:       Armasm.exe V5.06 update 7 (build 960)
Linker/Locator:  ArmLink.exe V5.06 update 7 (build 960)
Library Manager: ArmAr.exe V5.06 update 7 (build 960)
Hex Converter:   FromElf.exe V5.06 update 7 (build 960)
CPU DLL:         SARMCM3.DLL V5.35.0.2
Dialog DLL:      DCM.DLL V1.17.3.0
Target DLL:      STLink\ST-LINKIII-KEIL_SWO.dll V3.0.9.0
Dialog DLL:      TCM.DLL V1.53.0.0
 
<h2>Project:</h2>
Z:\ece_classes\ee14\ee14_final_proj\ethan_game_logic\project.uvprojx
Project File Date:  04/19/2023

<h2>Output:</h2>
*** Using Compiler 'V5.06 update 7 (build 960)', folder: 'c:\Keil_v5\ARM\ARMCC\Bin'
Build target 'Target 1'
compiling blackjack.c...
blackjack.c(32): warning:  #177-D: variable "str"  was declared but never referenced
      char *str;
blackjack.c(63): warning:  #177-D: variable "debug_msg"  was declared but never referenced
      char debug_msg[30];
blackjack.c(149): warning:  #177-D: variable "card"  was declared but never referenced
      Card *card;
blackjack.c(153): warning:  #550-D: variable "len"  was set but never used
      uint16_t len, test, i;
blackjack.c(153): warning:  #177-D: variable "test"  was declared but never referenced
      uint16_t len, test, i;
blackjack.c(153): warning:  #177-D: variable "i"  was declared but never referenced
      uint16_t len, test, i;
blackjack.c(154): warning:  #177-D: variable "bet"  was declared but never referenced
      uint32_t user_input_number, bet;
blackjack.c: 7 warnings, 0 errors
linking...
Program Size: Code=9390 RO-data=646 RW-data=32 ZI-data=74056  
FromELF: creating hex file...
".\Objects\project.axf" - 0 Error(s), 7 Warning(s).

<h2>Software Packages used:</h2>

Package Vendor: ARM
                http://www.keil.com/pack/ARM.CMSIS.5.9.0.pack
                ARM.CMSIS.5.9.0
                CMSIS (Common Microcontroller Software Interface Standard)
   * Component: CORE Version: 5.6.0

Package Vendor: Keil
                http://www.keil.com/pack/Keil.STM32L4xx_DFP.2.6.1.pack
                Keil.STM32L4xx_DFP.2.6.1
                STMicroelectronics STM32L4 Series Device Support, Drivers and Examples

<h2>Collection of Component include folders:</h2>
  .\RTE\_Target_1
  c:\Keil_v5\ARM\PACK\ARM\CMSIS\5.9.0\CMSIS\Core\Include
  c:\Keil_v5\ARM\PACK\Keil\STM32L4xx_DFP\2.6.1\Drivers\CMSIS\Device\ST\STM32L4xx\Include

<h2>Collection of Component Files used:</h2>

   * Component: ARM::CMSIS:CORE:5.6.0
Build Time Elapsed:  00:00:02
</pre>
</body>
</html>
