<html>
<body>
<pre>
<h1>µVision Build Log</h1>
<h2>Tool Versions:</h2>
IDE-Version: µVision V5.35.0.0
Copyright (C) 2021 ARM Ltd and ARM Germany GmbH. All rights reserved.
License Information: Tufts EECS, Tufts University, LIC=----
 
Tool Versions:
Toolchain:       MDK-Lite  Version: 5.35.0.2
Toolchain Path:  c:\Keil_v5\ARM\ARMCC\Bin
C Compiler:      Armcc.exe V5.06 update 7 (build 960)
Assembler:       Armasm.exe V5.06 update 7 (build 960)
Linker/Locator:  ArmLink.exe V5.06 update 7 (build 960)
Library Manager: ArmAr.exe V5.06 update 7 (build 960)
Hex Converter:   FromElf.exe V5.06 update 7 (build 960)
CPU DLL:         SARMCM3.DLL V5.35.0.2
Dialog DLL:      DCM.DLL V1.17.3.0
Target DLL:      STLink\ST-LINKIII-KEIL_SWO.dll V3.0.9.0
Dialog DLL:      TCM.DLL V1.53.0.0
 
<h2>Project:</h2>
\\vs-home\ehsu05\ece_classes\ee14\ee14_final_proj\SysTick\project.uvprojx
Project File Date:  04/09/2023

<h2>Output:</h2>
*** Using Compiler 'V5.06 update 7 (build 960)', folder: 'c:\Keil_v5\ARM\ARMCC\Bin'
Build target 'Target 1'
assembling startup_stm32l476xx.s...
compiling main.c...
SysTick.h(10): warning:  #1-D: last line of file ends without a newline
  #endif /* __STM32L476G_DISCOVERY_SYSTICK_H */
main.c(50): warning:  #223-D: function "SysTick_Initialize" declared implicitly
  	SysTick_Initialize(1000);
main.c: 2 warnings, 0 errors
compiling LED.c...
compiling LCD.c...
LCD.c(250): warning:  #167-D: argument of type "char *" is incompatible with parameter of type "uint8_t *"
  	LCD_WriteChar(&time[0], 0, 0, 0);
LCD.c(251): warning:  #167-D: argument of type "char *" is incompatible with parameter of type "uint8_t *"
  	LCD_WriteChar(&time[1], 0, 1, 1);
LCD.c(252): warning:  #167-D: argument of type "char *" is incompatible with parameter of type "uint8_t *"
  	LCD_WriteChar(&time[2], 0, 0, 2);
LCD.c(253): warning:  #167-D: argument of type "char *" is incompatible with parameter of type "uint8_t *"
  	LCD_WriteChar(&time[3], 1, 0, 3);
LCD.c(254): warning:  #167-D: argument of type "char *" is incompatible with parameter of type "uint8_t *"
  	LCD_WriteChar(&time[4], 0, 0, 4);
LCD.c(255): warning:  #167-D: argument of type "char *" is incompatible with parameter of type "uint8_t *"
  	LCD_WriteChar(&time[5], 0, 0, 5);
LCD.c: 6 warnings, 0 errors
compiling SysTick.c...
linking...
Program Size: Code=1696 RO-data=424 RW-data=4 ZI-data=5476  
FromELF: creating hex file...
".\Objects\project.axf" - 0 Error(s), 8 Warning(s).

<h2>Software Packages used:</h2>

Package Vendor: ARM
                http://www.keil.com/pack/ARM.CMSIS.5.9.0.pack
                ARM.CMSIS.5.9.0
                CMSIS (Common Microcontroller Software Interface Standard)
   * Component: CORE Version: 5.6.0

Package Vendor: Keil
                http://www.keil.com/pack/Keil.STM32L4xx_DFP.2.6.1.pack
                Keil.STM32L4xx_DFP.2.6.1
                STMicroelectronics STM32L4 Series Device Support, Drivers and Examples

<h2>Collection of Component include folders:</h2>
  .\RTE\_Target_1
  c:\Keil_v5\ARM\PACK\ARM\CMSIS\5.9.0\CMSIS\Core\Include
  c:\Keil_v5\ARM\PACK\Keil\STM32L4xx_DFP\2.6.1\Drivers\CMSIS\Device\ST\STM32L4xx\Include

<h2>Collection of Component Files used:</h2>

   * Component: ARM::CMSIS:CORE:5.6.0
Build Time Elapsed:  00:00:01
</pre>
</body>
</html>
